
[Incubating] Problems report is available at: file:///D:/Projects/NightBeam/LPCF/build/reports/problems/problems-report.html

FAILURE: Build failed with an exception.

* What went wrong:
A problem occurred configuring root project 'LuckPermsChatFormatterFolia'.
> Expected configuration ':paperweightDevelopmentBundle' to contain exactly one file, however, it contains more than one file.

* Try:
> Run with --stacktrace option to get the stack trace.
> Run with --info or --debug option to get more log output.
> Run with --scan to get full insights.
> Get more help at https://help.gradle.org.

Deprecated Gradle features were used in this build, making it incompatible with Gradle 9.0.

You can use '--warning-mode all' to show the individual deprecation warnings and determine if they come from your own scripts or plugins.

For more on this, please refer to https://docs.gradle.org/8.14/userguide/command_line_interface.html#sec:command_line_warnings in the Gradle documentation.

BUILD FAILED in 815ms
